// Jest Snapshot v1, https://goo.gl/fbAQLP

exports[`components/Section Default smoke-test 1`] = `
<div style="margin: 0px auto; max-width: 600px;">
  <table cellpadding="0"
         cellspacing="0"
         role="presentation"
         style="border: 0px; vertical-align: top; width: 100%;"
  >
    <tbody>
      <tr>
        <td>
          <p style="margin: 0px; font-size: 30px;">
            Hello World 1
          </p>
          <p style="margin: 10px 0px 0px; font-size: 25px;">
            Hello World 2
          </p>
        </td>
      </tr>
    </tbody>
  </table>
</div>
`;
