// Jest Snapshot v1, https://goo.gl/fbAQLP

exports[`utils/sx Default smoke-test 1`] = `
<div style="width: fit-content; background-color: yellow; padding: 10px; color: red;">
  <div>
    <h2>
      Hello World
    </h2>
  </div>
</div>
`;
