// Jest Snapshot v1, https://goo.gl/fbAQLP

exports[`components/Image Default smoke-test 1`] = `
<div style="margin: 0px auto; max-width: 600px;">
  <table cellpadding="0"
         cellspacing="0"
         role="presentation"
         style="border: 0px; vertical-align: top; width: 100%;"
  >
    <tbody>
      <tr>
        <td align="center"
            style="vertical-align: top;"
        >
          <h2 style="margin: 0px; padding: 0px; text-align: center;">
            Hello World
          </h2>
        </td>
      </tr>
    </tbody>
  </table>
  <hr style="margin-left: 0px; border-top: 1px solid; width: 100%;">
  <table cellpadding="0"
         cellspacing="0"
         role="presentation"
         style="border: 0px; vertical-align: top;"
  >
    <tbody>
      <tr>
        <td align="center"
            style="vertical-align: top;"
        >
          <table cellpadding="0"
                 cellspacing="0"
                 role="presentation"
                 style="width: fit-content; border: 0px; vertical-align: top;"
          >
            <tbody>
              <tr>
                <td>
                  <img height="auto"
                       width="250px"
                       src="https://images.unsplash.com/photo-1453728013993-6d66e9c9123a"
                       alt="This is a random image"
                       style="border: 0px; display: block; outline: none; border-radius: 10px;"
                  >
                </td>
              </tr>
              <tr>
                <td id="imageCaption"
                    style="text-align: center;"
                >
                  This is a caption
                </td>
              </tr>
            </tbody>
          </table>
        </td>
        <td align="center"
            style="padding-left: 20px; vertical-align: top;"
        >
          <h2 style="margin: 0px; padding: 0px; text-align: left;">
            This is a random text
          </h2>
        </td>
      </tr>
    </tbody>
  </table>
</div>
`;
